// Jest Snapshot v1, https://jestjs.io/docs/snapshot-testing

exports[`<Cell /> renders 1`] = `
<div>
  <style
    data-mantine-styles="classes"
  >
    @media (max-width: 35.99375em) {.mantine-visible-from-xs {display: none !important;}}@media (min-width: 36em) {.mantine-hidden-from-xs {display: none !important;}}@media (max-width: 47.99375em) {.mantine-visible-from-sm {display: none !important;}}@media (min-width: 48em) {.mantine-hidden-from-sm {display: none !important;}}@media (max-width: 61.99375em) {.mantine-visible-from-md {display: none !important;}}@media (min-width: 62em) {.mantine-hidden-from-md {display: none !important;}}@media (max-width: 74.99375em) {.mantine-visible-from-lg {display: none !important;}}@media (min-width: 75em) {.mantine-hidden-from-lg {display: none !important;}}@media (max-width: 87.99375em) {.mantine-visible-from-xl {display: none !important;}}@media (min-width: 88em) {.mantine-hidden-from-xl {display: none !important;}}
  </style>
  <div
    class=""
    style="position: relative;"
  >
    <div
      class="cell"
    >
      <div
        class="m_4451eb3a mantine-Center-root"
      >
        <p
          class="mantine-focus-auto m_b6d8b162 mantine-Text-root"
          style="padding: var(--app-space-calendar-cell); text-align: center;"
        >
          N/A
        </p>
      </div>
    </div>
  </div>
</div>
`;

exports[`<Cell /> when the user has a meal renders 1`] = `
<div>
  <style
    data-mantine-styles="classes"
  >
    @media (max-width: 35.99375em) {.mantine-visible-from-xs {display: none !important;}}@media (min-width: 36em) {.mantine-hidden-from-xs {display: none !important;}}@media (max-width: 47.99375em) {.mantine-visible-from-sm {display: none !important;}}@media (min-width: 48em) {.mantine-hidden-from-sm {display: none !important;}}@media (max-width: 61.99375em) {.mantine-visible-from-md {display: none !important;}}@media (min-width: 62em) {.mantine-hidden-from-md {display: none !important;}}@media (max-width: 74.99375em) {.mantine-visible-from-lg {display: none !important;}}@media (min-width: 75em) {.mantine-hidden-from-lg {display: none !important;}}@media (max-width: 87.99375em) {.mantine-visible-from-xl {display: none !important;}}@media (min-width: 88em) {.mantine-hidden-from-xl {display: none !important;}}
  </style>
  <div
    class=""
    style="position: relative;"
  >
    <div
      class="cell"
    >
      <div
        class="m_4451eb3a mantine-Center-root"
      >
        <p
          class="mantine-focus-auto m_b6d8b162 mantine-Text-root"
          style="padding: var(--app-space-calendar-cell); text-align: center;"
        >
          test meal
        </p>
      </div>
    </div>
  </div>
</div>
`;

exports[`<Cell /> when the user has a meal when the meal has a note renders 1`] = `
<div>
  <style
    data-mantine-styles="classes"
  >
    @media (max-width: 35.99375em) {.mantine-visible-from-xs {display: none !important;}}@media (min-width: 36em) {.mantine-hidden-from-xs {display: none !important;}}@media (max-width: 47.99375em) {.mantine-visible-from-sm {display: none !important;}}@media (min-width: 48em) {.mantine-hidden-from-sm {display: none !important;}}@media (max-width: 61.99375em) {.mantine-visible-from-md {display: none !important;}}@media (min-width: 62em) {.mantine-hidden-from-md {display: none !important;}}@media (max-width: 74.99375em) {.mantine-visible-from-lg {display: none !important;}}@media (min-width: 75em) {.mantine-hidden-from-lg {display: none !important;}}@media (max-width: 87.99375em) {.mantine-visible-from-xl {display: none !important;}}@media (min-width: 88em) {.mantine-hidden-from-xl {display: none !important;}}
  </style>
  <div
    class=""
    style="position: relative;"
  >
    <div
      class="cell"
      style="grid-template-rows: auto 1fr;"
    >
      <div
        class="m_347db0ec mantine-Badge-root"
        data-block="true"
        data-size="xs"
        data-variant="light"
        data-with-left-section="true"
        style="--badge-height: var(--badge-height-xs); --badge-padding-x: var(--badge-padding-x-xs); --badge-fz: var(--badge-fz-xs); --badge-bg: var(--mantine-color-brand-light); --badge-color: var(--mantine-color-brand-light-color); --badge-bd: calc(0.0625rem * var(--mantine-scale)) solid transparent;"
      >
        <span
          class="m_91fdda9b mantine-Badge-section"
          data-position="left"
        >
          <svg
            color="currentColor"
            fill="none"
            font-size="90%"
            height="1.5em"
            stroke-width="1.5"
            viewBox="0 0 24 24"
            width="1.5em"
            xmlns="http://www.w3.org/2000/svg"
          >
            <path
              d="M7 18H10.5H14"
              stroke="currentColor"
              stroke-linecap="round"
              stroke-linejoin="round"
            />
            <path
              d="M7 14H7.5H8"
              stroke="currentColor"
              stroke-linecap="round"
              stroke-linejoin="round"
            />
            <path
              d="M7 10H8.5H10"
              stroke="currentColor"
              stroke-linecap="round"
              stroke-linejoin="round"
            />
            <path
              d="M7 2L16.5 2L21 6.5V19"
              stroke="currentColor"
              stroke-linecap="round"
              stroke-linejoin="round"
            />
            <path
              d="M3 20.5V6.5C3 5.67157 3.67157 5 4.5 5H14.2515C14.4106 5 14.5632 5.06321 14.6757 5.17574L17.8243 8.32426C17.9368 8.43679 18 8.5894 18 8.74853V20.5C18 21.3284 17.3284 22 16.5 22H4.5C3.67157 22 3 21.3284 3 20.5Z"
              stroke="currentColor"
              stroke-linecap="round"
              stroke-linejoin="round"
            />
            <path
              d="M14 5V8.4C14 8.73137 14.2686 9 14.6 9H18"
              stroke="currentColor"
              stroke-linecap="round"
              stroke-linejoin="round"
            />
          </svg>
        </span>
        <span
          class="m_5add502a mantine-Badge-label"
        >
          Note
        </span>
      </div>
      <div
        class="m_4451eb3a mantine-Center-root"
      >
        <p
          class="mantine-focus-auto m_b6d8b162 mantine-Text-root"
          style="padding: var(--app-space-calendar-cell); text-align: center;"
        >
          test meal
        </p>
      </div>
    </div>
  </div>
</div>
`;
