// Jest Snapshot v1, https://goo.gl/fbAQLP

exports[`<Fab /> renders initially closed 1`] = `
<div>
  <style
    data-mantine-styles="classes"
  >
    @media (max-width: 35.99375em) {.mantine-visible-from-xs {display: none !important;}}@media (min-width: 36em) {.mantine-hidden-from-xs {display: none !important;}}@media (max-width: 47.99375em) {.mantine-visible-from-sm {display: none !important;}}@media (min-width: 48em) {.mantine-hidden-from-sm {display: none !important;}}@media (max-width: 61.99375em) {.mantine-visible-from-md {display: none !important;}}@media (min-width: 62em) {.mantine-hidden-from-md {display: none !important;}}@media (max-width: 74.99375em) {.mantine-visible-from-lg {display: none !important;}}@media (min-width: 75em) {.mantine-hidden-from-lg {display: none !important;}}@media (max-width: 87.99375em) {.mantine-visible-from-xl {display: none !important;}}@media (min-width: 88em) {.mantine-hidden-from-xl {display: none !important;}}
  </style>
  <div
    class="container"
  >
    <button
      class="mantine-focus-auto mantine-active m-8d3f4000 mantine-ActionIcon-root m-87cf2631 mantine-UnstyledButton-root"
      data-size="xl"
      data-variant="filled"
      style="--ai-size: var(--ai-size-xl); --ai-radius: var(--mantine-radius-xl); --ai-bg: brand; --ai-hover: rgba(0, 0, 0, 1); --ai-color: var(--mantine-color-white); --ai-bd: calc(0.0625rem * var(--mantine-scale)) solid transparent;"
      type="button"
    >
      <svg
        color="currentColor"
        fill="none"
        height="1.5em"
        stroke-width="1.5"
        viewBox="0 0 24 24"
        width="1.5em"
        xmlns="http://www.w3.org/2000/svg"
      >
        <path
          d="M6 12h6m6 0h-6m0 0V6m0 6v6"
          stroke="currentColor"
          stroke-linecap="round"
          stroke-linejoin="round"
        />
      </svg>
    </button>
  </div>
</div>
`;
