// Jest Snapshot v1, https://jestjs.io/docs/snapshot-testing

exports[`<Fab /> renders initially closed 1`] = `
<button
  class="mantine-focus-auto mantine-active m_8d3f4000 mantine-ActionIcon-root m_87cf2631 mantine-UnstyledButton-root"
  data-size="xl"
  data-variant="filled"
  style="--ai-size: var(--ai-size-xl); --ai-radius: var(--mantine-radius-xl); --ai-bg: brand; --ai-hover: rgba(0, 0, 0, 1); --ai-color: var(--mantine-color-white); --ai-bd: calc(0.0625rem * var(--mantine-scale)) solid transparent;"
  type="button"
>
  <span
    class="m_8d3afb97 mantine-ActionIcon-icon"
  >
    <svg
      color="currentColor"
      fill="none"
      height="1.5em"
      stroke-width="1.5"
      viewBox="0 0 24 24"
      width="1.5em"
      xmlns="http://www.w3.org/2000/svg"
    >
      <path
        d="M6 12H12M18 12H12M12 12V6M12 12V18"
        stroke="currentColor"
        stroke-linecap="round"
        stroke-linejoin="round"
      />
    </svg>
  </span>
</button>
`;
